/disk4/anaconda3/envs/chart/lib/python3.10/site-packages/sympy/external/gmpy.py:138: UserWarning: gmpy2 version is too old to use (2.0.0 or newer required)
  gmpy = import_module('gmpy2', min_module_version=_GMPY2_MIN_VERSION,
/disk4/anaconda3/envs/chart/lib/python3.10/site-packages/rotary_embedding_torch/rotary_embedding_torch.py:35: FutureWarning: `torch.cuda.amp.autocast(args...)` is deprecated. Please use `torch.amp.autocast('cuda', args...)` instead.
  @autocast(enabled = False)
/disk4/anaconda3/envs/chart/lib/python3.10/site-packages/rotary_embedding_torch/rotary_embedding_torch.py:262: FutureWarning: `torch.cuda.amp.autocast(args...)` is deprecated. Please use `torch.amp.autocast('cuda', args...)` instead.
  @autocast(enabled = False)
  fold0: done (2172 crops so far)
  fold1: done (4277 crops so far)
  fold2: done (5818 crops so far)
  fold3: done (7838 crops so far)
  fold4: done (9912 crops so far)
  fold5: done (12545 crops so far)
  fold6: done (15266 crops so far)
  fold7: done (16925 crops so far)
  final0: done (18902 crops so far)
crops: 18902  features in RAM: 11.6 GiB
fold 0: training head on 14753 crops
    epoch 1: mean ELBO -5.2054
    epoch 10: mean ELBO -2.2953
    epoch 20: mean ELBO -2.0552
    epoch 30: mean ELBO -1.8774
fold 1: training head on 14820 crops
    epoch 1: mean ELBO -5.1721
    epoch 10: mean ELBO -2.1545
    epoch 20: mean ELBO -1.9178
    epoch 30: mean ELBO -1.7672
fold 2: training head on 15384 crops
    epoch 1: mean ELBO -5.0903
    epoch 10: mean ELBO -2.5342
    epoch 20: mean ELBO -2.0324
    epoch 30: mean ELBO -1.9217
fold 3: training head on 14905 crops
    epoch 1: mean ELBO -5.1352
    epoch 10: mean ELBO -2.2670
    epoch 20: mean ELBO -2.0882
    epoch 30: mean ELBO -1.8598
fold 4: training head on 14851 crops
    epoch 1: mean ELBO -5.3193
    epoch 10: mean ELBO -2.4866
    epoch 20: mean ELBO -2.1480
    epoch 30: mean ELBO -2.0349
fold 5: training head on 14292 crops
    epoch 1: mean ELBO -5.3523
    epoch 10: mean ELBO -2.2421
    epoch 20: mean ELBO -1.9874
    epoch 30: mean ELBO -1.8837
fold 6: training head on 14204 crops
    epoch 1: mean ELBO -5.3347
    epoch 10: mean ELBO -2.2656
    epoch 20: mean ELBO -1.9737
    epoch 30: mean ELBO -1.8527
fold 7: training head on 15266 crops
    epoch 1: mean ELBO -5.0947
    epoch 10: mean ELBO -2.1969
    epoch 20: mean ELBO -2.0227
    epoch 30: mean ELBO -1.8718

== pooled out-of-fold, per dataset ==
asap         n= 9742  balanced=0.501  classes=3  confusion=[[2178, 548, 717], [1408, 1328, 285], [1559, 303, 1416]]
ballroom     n= 1561  balanced=0.864  classes=3  confusion=[[0, 0, 0], [28, 398, 37], [121, 23, 954]]
beatles      n= 1729  balanced=0.609  classes=3  confusion=[[55, 4, 67], [39, 82, 19], [213, 74, 1176]]
hainsworth   n=  737  balanced=0.569  classes=3  confusion=[[10, 7, 4], [11, 26, 15], [129, 50, 485]]
hjdb         n=  945  balanced=0.959  classes=3  confusion=[[0, 0, 0], [0, 0, 0], [36, 3, 906]]
rwc          n= 2211  balanced=0.581  classes=3  confusion=[[630, 175, 197], [172, 310, 81], [229, 53, 364]]
ALL-CV       n=16925  balanced=0.595  classes=3  confusion=[[2873, 734, 985], [1658, 2144, 437], [2287, 506, 5301]]
training gtzan model on all CV crops
    epoch 1: mean ELBO -4.8502
    epoch 10: mean ELBO -2.2392
    epoch 20: mean ELBO -1.9752
    epoch 30: mean ELBO -1.8447
gtzan        n= 1977  balanced=0.301  classes=3  confusion=[[1, 3, 15], [27, 21, 72], [480, 118, 1240]]
