/disk4/anaconda3/envs/chart/lib/python3.10/site-packages/sympy/external/gmpy.py:138: UserWarning: gmpy2 version is too old to use (2.0.0 or newer required)
  gmpy = import_module('gmpy2', min_module_version=_GMPY2_MIN_VERSION,
/disk4/anaconda3/envs/chart/lib/python3.10/site-packages/rotary_embedding_torch/rotary_embedding_torch.py:35: FutureWarning: `torch.cuda.amp.autocast(args...)` is deprecated. Please use `torch.amp.autocast('cuda', args...)` instead.
  @autocast(enabled = False)
/disk4/anaconda3/envs/chart/lib/python3.10/site-packages/rotary_embedding_torch/rotary_embedding_torch.py:262: FutureWarning: `torch.cuda.amp.autocast(args...)` is deprecated. Please use `torch.amp.autocast('cuda', args...)` instead.
  @autocast(enabled = False)
  fold0: done (2172 crops)
  fold1: done (4277 crops)
  fold2: done (5818 crops)
  fold3: done (7838 crops)
  fold4: done (9912 crops)
  fold5: done (12545 crops)
  fold6: done (15266 crops)
  fold7: done (16925 crops)
  final0: done (18902 crops)
fold 0: m predicted
fold 1: m predicted
fold 2: m predicted
fold 3: m predicted
fold 4: m predicted
fold 5: m predicted
fold 6: m predicted
fold 7: m predicted

== downbeat F at +-70 ms, per dataset ==
dataset           n  peakpick  grid-mhat  grid-oracle
asap           9742     0.589      0.604        0.855
ballroom       1561     0.923      0.982        0.983
beatles        1729     0.832      0.901        0.940
gtzan          1977     0.722      0.838        0.853
hainsworth      737     0.771      0.828        0.867
hjdb            945     0.921      0.978        0.980
rwc            2211     0.695      0.804        0.921
