loading real songs (live fold-honest frontend pass)...
/disk4/anaconda3/envs/chart/lib/python3.10/site-packages/sympy/external/gmpy.py:138: UserWarning: gmpy2 version is too old to use (2.0.0 or newer required)
  gmpy = import_module('gmpy2', min_module_version=_GMPY2_MIN_VERSION,
/disk4/anaconda3/envs/chart/lib/python3.10/site-packages/rotary_embedding_torch/rotary_embedding_torch.py:35: FutureWarning: `torch.cuda.amp.autocast(args...)` is deprecated. Please use `torch.amp.autocast('cuda', args...)` instead.
  @autocast(enabled = False)
/disk4/anaconda3/envs/chart/lib/python3.10/site-packages/rotary_embedding_torch/rotary_embedding_torch.py:262: FutureWarning: `torch.cuda.amp.autocast(args...)` is deprecated. Please use `torch.amp.autocast('cuda', args...)` instead.
  @autocast(enabled = False)
  fold0: 2172 songs loaded
  fold1: 2105 songs loaded
  fold2: 1541 songs loaded
  fold3: 2020 songs loaded
  fold4: 2074 songs loaded
  fold5: 2633 songs loaded
  fold6: 2721 songs loaded
  fold7: 1659 songs loaded
  final0: 1977 songs loaded
usable: 18902  rejects: {'crop_m_out_of_vocabulary(6)': 114, 'crop_fewer_than_12_beats': 124, 'crop_m_out_of_vocabulary(5)': 34, 'crop_m_out_of_vocabulary(1)': 12, 'crop_m_out_of_vocabulary(7)': 4, 'crop_m_out_of_vocabulary(8)': 12, 'no_downbeat_annotation': 6}  unmatched downbeats: 0
  asap         m=2:3443  m=3:3021  m=4:3278
  ballroom     m=2:0  m=3:463  m=4:1098
  beatles      m=2:126  m=3:140  m=4:1463
  gtzan        m=2:19  m=3:120  m=4:1838
  hainsworth   m=2:21  m=3:52  m=4:664
  hjdb         m=2:0  m=3:0  m=4:945
  rwc          m=2:1002  m=3:563  m=4:646

######## reducer: meanmax (s_dim=4) ########
vectorized ELBO verified against Stage0.elbo on 8 songs (|diff| = 3.81e-09)
fold 0: trained on 14753, predicted 2172
fold 1: trained on 14820, predicted 2105
fold 2: trained on 15384, predicted 1541
fold 3: trained on 14905, predicted 2020
fold 4: trained on 14851, predicted 2074
fold 5: trained on 14292, predicted 2633
fold 6: trained on 14204, predicted 2721
fold 7: trained on 15266, predicted 1659

== pooled out-of-fold (CV datasets), per dataset ==
asap         n=9742  balanced=0.333  raw=0.336  classes=1  confusion=[[0, 0, 3443], [0, 0, 3021], [0, 0, 3278]]
ballroom     n=1561  balanced=0.500  raw=0.703  classes=1  confusion=[[0, 0, 0], [0, 0, 463], [0, 0, 1098]]
beatles      n=1729  balanced=0.333  raw=0.846  classes=1  confusion=[[0, 0, 126], [0, 0, 140], [0, 0, 1463]]
hainsworth   n= 737  balanced=0.333  raw=0.901  classes=1  confusion=[[0, 0, 21], [0, 0, 52], [0, 0, 664]]
hjdb         n= 945  balanced=1.000  raw=1.000  classes=1  confusion=[[0, 0, 0], [0, 0, 0], [0, 0, 945]]
rwc          n=2211  balanced=0.333  raw=0.292  classes=1  confusion=[[0, 0, 1002], [0, 0, 563], [0, 0, 646]]
ALL-CV       n=16925  balanced=0.333  raw=0.478  classes=1  confusion=[[0, 0, 4592], [0, 0, 4239], [0, 0, 8094]]

== test-only (gtzan), model trained on all CV songs ==
gtzan        n=1977  balanced=0.333  raw=0.930  classes=1  confusion=[[0, 0, 19], [0, 0, 120], [0, 0, 1838]]

######## reducer: peaks (s_dim=10) ########
vectorized ELBO verified against Stage0.elbo on 8 songs (|diff| = 3.81e-09)
fold 0: trained on 14753, predicted 2172
fold 1: trained on 14820, predicted 2105
fold 2: trained on 15384, predicted 1541
fold 3: trained on 14905, predicted 2020
fold 4: trained on 14851, predicted 2074
fold 5: trained on 14292, predicted 2633
fold 6: trained on 14204, predicted 2721
fold 7: trained on 15266, predicted 1659

== pooled out-of-fold (CV datasets), per dataset ==
asap         n=9742  balanced=0.350  raw=0.349  classes=3  confusion=[[874, 1134, 1435], [1123, 977, 921], [1050, 676, 1552]]
ballroom     n=1561  balanced=0.994  raw=0.996  classes=3  confusion=[[0, 0, 0], [1, 458, 4], [2, 0, 1096]]
beatles      n=1729  balanced=0.596  raw=0.875  classes=3  confusion=[[13, 7, 106], [4, 102, 34], [41, 24, 1398]]
hainsworth   n= 737  balanced=0.685  raw=0.834  classes=3  confusion=[[11, 4, 6], [7, 35, 10], [58, 37, 569]]
hjdb         n= 945  balanced=0.995  raw=0.995  classes=3  confusion=[[0, 0, 0], [0, 0, 0], [4, 1, 940]]
rwc          n=2211  balanced=0.677  raw=0.664  classes=3  confusion=[[603, 105, 294], [105, 407, 51], [132, 57, 457]]
ALL-CV       n=16925  balanced=0.512  raw=0.561  classes=3  confusion=[[1501, 1250, 1841], [1240, 1979, 1020], [1287, 795, 6012]]

== test-only (gtzan), model trained on all CV songs ==
gtzan        n=1977  balanced=0.624  raw=0.890  classes=3  confusion=[[5, 5, 9], [8, 84, 28], [107, 61, 1670]]

######## baselines (held-out, deployable) ########
majority     n=16925  balanced=0.333  raw=0.478  classes=1  confusion=[[0, 0, 4592], [0, 0, 4239], [0, 0, 8094]]
peak-count   n=16925  balanced=0.527  raw=0.533  classes=3  confusion=[[3240, 791, 561], [2479, 1425, 335], [2499, 1238, 4357]]
peak-gtzan   n=1977  balanced=0.595  raw=0.725  classes=3  confusion=[[10, 2, 7], [30, 62, 28], [258, 218, 1362]]
