loading real songs (live fold-honest frontend pass)...
/disk4/anaconda3/envs/chart/lib/python3.10/site-packages/sympy/external/gmpy.py:138: UserWarning: gmpy2 version is too old to use (2.0.0 or newer required)
  gmpy = import_module('gmpy2', min_module_version=_GMPY2_MIN_VERSION,
/disk4/anaconda3/envs/chart/lib/python3.10/site-packages/rotary_embedding_torch/rotary_embedding_torch.py:35: FutureWarning: `torch.cuda.amp.autocast(args...)` is deprecated. Please use `torch.amp.autocast('cuda', args...)` instead.
  @autocast(enabled = False)
/disk4/anaconda3/envs/chart/lib/python3.10/site-packages/rotary_embedding_torch/rotary_embedding_torch.py:262: FutureWarning: `torch.cuda.amp.autocast(args...)` is deprecated. Please use `torch.amp.autocast('cuda', args...)` instead.
  @autocast(enabled = False)
  fold0: 232 songs loaded
  fold1: 232 songs loaded
  fold2: 229 songs loaded
  fold3: 236 songs loaded
  fold4: 240 songs loaded
  fold5: 241 songs loaded
  fold6: 246 songs loaded
  fold7: 232 songs loaded
  final0: 991 songs loaded
usable: 2879  rejects: {'m_true_out_of_vocabulary(6)': 6, 'm_true_out_of_vocabulary(8)': 6, 'm_true_out_of_vocabulary(5)': 2, 'no_downbeat_annotation': 6}  unmatched downbeats: 0
  asap         m=2:141  m=3:99  m=4:223
  ballroom     m=2:0  m=3:171  m=4:501
  beatles      m=2:9  m=3:11  m=4:159
  gtzan        m=2:7  m=3:54  m=4:930
  hainsworth   m=2:6  m=3:11  m=4:204
  hjdb         m=2:0  m=3:0  m=4:232
  rwc          m=2:43  m=3:29  m=4:49
vectorized ELBO verified against Stage0.elbo on 8 songs (|diff| = 3.81e-09)
fold 0: trained on 1656, predicted 232
fold 1: trained on 1656, predicted 232
fold 2: trained on 1659, predicted 229
fold 3: trained on 1652, predicted 236
fold 4: trained on 1648, predicted 240
fold 5: trained on 1647, predicted 241
fold 6: trained on 1642, predicted 246
fold 7: trained on 1656, predicted 232

== pooled out-of-fold (CV datasets), per dataset ==
asap         n= 463  balanced=0.370  raw=0.447  classes=3  confusion=[[24, 53, 64], [14, 21, 64], [35, 26, 162]]
ballroom     n= 672  balanced=0.539  raw=0.757  classes=3  confusion=[[0, 0, 0], [0, 16, 155], [1, 7, 493]]
beatles      n= 179  balanced=0.317  raw=0.844  classes=2  confusion=[[0, 1, 8], [0, 0, 11], [0, 8, 151]]
hainsworth   n= 221  balanced=0.456  raw=0.805  classes=3  confusion=[[2, 3, 1], [1, 2, 8], [14, 16, 174]]
hjdb         n= 232  balanced=0.970  raw=0.970  classes=2  confusion=[[0, 0, 0], [0, 0, 0], [0, 7, 225]]
rwc          n= 121  balanced=0.354  raw=0.397  classes=3  confusion=[[9, 8, 26], [4, 4, 21], [3, 11, 35]]
ALL-CV       n=1888  balanced=0.405  raw=0.698  classes=3  confusion=[[35, 65, 99], [19, 43, 259], [53, 75, 1240]]

== baselines (held-out, deployable) ==
majority     n=1888  balanced=0.333  raw=0.725  classes=1  confusion=[[0, 0, 199], [0, 0, 321], [0, 0, 1368]]
peak-count   n=1888  balanced=0.702  raw=0.692  classes=3  confusion=[[151, 44, 4], [105, 210, 6], [224, 198, 946]]

== test-only (gtzan), model trained on all CV songs ==
gtzan        n= 991  balanced=0.399  raw=0.859  classes=3  confusion=[[1, 2, 4], [11, 8, 35], [70, 18, 842]]
